// Jest Snapshot v1, https://goo.gl/fbAQLP

exports[`File TransparentBackgroundLayer create a snapshot 1`] = `
<DocumentFragment>
  <div
    class="transparent-brackground-layer"
  >
    <div
      class="transparent-layer"
      id="transparent-layer-id"
    />
  </div>
</DocumentFragment>
`;
